// Jest Snapshot v1, https://goo.gl/fbAQLP

exports[`Alert Component renders as expected 1`] = `
<div
  className="sc-AxjAm cGOBeN"
>
  <div
    className="sc-AxirZ cVjDhq"
  >
    <div
      className="container"
    >
      <div
        className="justify-content-center row"
      >
        <div
          className="col-lg-6 col-md-8 col-sm-10 col-12"
        >
          <div
            className="sc-AxiKw kNkXPg"
          >
            <img
              alt="Atenção"
              className="img-responsive"
              src="danger.png"
            />
            <h3>
              Example Title
            </h3>
            <p>
              Example Subtitle
            </p>
            <div
              className="sc-AxhCb jVvEVs"
            >
              <button
                onClick={[Function]}
              >
                Ok!
              </button>
            </div>
          </div>
        </div>
      </div>
    </div>
  </div>
</div>
`;
