// Jest Snapshot v1, https://goo.gl/fbAQLP

exports[`Button Component renders as expected 1`] = `
<button
  className="sc-AxjAm duCwob"
  onClick={[Function]}
>
  Texto
</button>
`;
